]0;/home/projetor/geovana/operacao/app]0;projetor@srvrlinux: ~/geovana/operacao/app[01;32mprojetor@srvrlinux[00m:[01;34m~/geovana/operacao/app[00m$ [K]0;projetor@srvrlinux: ~/geovana/operacao/app[01;32mprojetor@srvrlinux[00m:[01;34m~/geovana/operacao/app[00m$ mysql -h localhost -u root -p
Enter password: 
Welcome to the MySQL monitor.  Commands end with ; or \g.
Your MySQL connection id is 52168
Server version: 8.0.19 MySQL Community Server - GPL

Copyright (c) 2000, 2020, Oracle and/or its affiliates. All rights reserved.

Oracle is a registered trademark of Oracle Corporation and/or its
affiliates. Other names may be trademarks of their respective
owners.

Type 'help;' or '\h' for help. Type '\c' to clear the current input statement.

mysql> select * from producao_planejado where data_producao = '2020-07-01' and produto = '152';[51G[9P [87G[8Gdescribe producao_planejado;[K[8Gshow tables;[K[8Guse consenso;[8Gselect * from previsao where tipo_previsao = 1 and data = '2020-08-01' and supervisao = 23 and produto = '258';[8Guse consenso;[K
Reading table information for completion of table and column names
You can turn off this feature to get a quicker startup with -A

Database changed
mysql> use consenso;[8Gselect * from producao_planejado where data_producao = '2020-07-01' and produto = '152';
+-----------------------+---------------+---------+-------+
| id_producao_planejado | data_producao | produto | valor |
+-----------------------+---------------+---------+-------+
|                 21140 | 2020-07-01    | 152     |     0 |
+-----------------------+---------------+---------+-------+
1 row in set (0.00 sec)

mysql> select * from producao_planejado where data_producao = '2020-07-01' and produto = '152';[8G[Kselect unique(produto)  from producao_planjado[K[K[K[Kejado;
ERROR 1064 (42000): You have an error in your SQL syntax; check the manual that corresponds to your MySQL server version for the right syntax to use near 'unique(produto)  from producao_planejado' at line 1
mysql> select unique(produto)  from producao_planejado; [Pf[Pu[Pu[Pu[Pe[Pe[P([1@d([1@i([1@s([1@t([1@i([1@n([1@c([1@t(
+---------+
| produto |
+---------+
| 1001    |
| 1002    |
| 1003    |
| 1004    |
| 1005    |
| 1006    |
| 1007    |
| 1008    |
| 1009    |
| 1010    |
| 142     |
| 144     |
| 145     |
| 146     |
| 151     |
| 152     |
| 165     |
| 166     |
| 167     |
| 204     |
| 205     |
| 206     |
| 220     |
| 221     |
| 232     |
| 234     |
| 238     |
| 241     |
| 253     |
| 258     |
| 259     |
| 260     |
| 261     |
| 266     |
| 268     |
| 269     |
| 270     |
| 286     |
| 288     |
| 291     |
| 293     |
| 2A1     |
| 2A2     |
| 2A3     |
| 2A4     |
| 2A5     |
| 304     |
| 305     |
| 306     |
| 307     |
| 308     |
| 310     |
| 316     |
| 317     |
| 320     |
| 321     |
| 323     |
| 324     |
| 325     |
| 338     |
| 339     |
| 363     |
| 364     |
| 365     |
| 366     |
| 3733    |
| 3735    |
| 3739    |
| 374     |
| 3740    |
| 3741    |
| 3742    |
| 3743    |
| 3744    |
| 3746    |
| 3747    |
| 3751    |
| 3752    |
| 3753    |
| 3754    |
| 3755    |
| 3756    |
| 376     |
| 377     |
| 379     |
| 380     |
| 381     |
| 382     |
| 386     |
| 387     |
| 416     |
| 417     |
| 425     |
| 426     |
| 427     |
| 428     |
| 433     |
| 434     |
| 435     |
| 436     |
| 437     |
| 447     |
| 463     |
| 466     |
| 474     |
| 489     |
| 516     |
| 517     |
| 518     |
| 519     |
| 52      |
| 65      |
| 653     |
| 654     |
| 658     |
| 659     |
| 668     |
| 675     |
| 677     |
| 678     |
| 679     |
| 680     |
| 681     |
| 684     |
| 685     |
| 686     |
| 688     |
| 689     |
| 691     |
| 693     |
| 695     |
| 697     |
| 699     |
| 710     |
| 711     |
| 712     |
| 713     |
| 716     |
| 730     |
| 731     |
| 732     |
| 736     |
| 746     |
| 762     |
| 774     |
| 791     |
| 794     |
| 80      |
| 81      |
| 840     |
| 841     |
| 842     |
| 843     |
| 844     |
| 858     |
| 97      |
| 99      |
| A02     |
| A11     |
| A12     |
| A13     |
| A20     |
| A37     |
| A38     |
| A40     |
| A52     |
| A53     |
| A57     |
| A62     |
| A65     |
| A85     |
| A86     |
| A87     |
| A88     |
| A93     |
| A94     |
| A98     |
| I21     |
| I22     |
| I24     |
| I39     |
| I40     |
| I41     |
| I47     |
| I53     |
| I59     |
| I64     |
| I65     |
| I74     |
| I75     |
| I76     |
| I86     |
| I88     |
| I93     |
| I94     |
| I95     |
| I96     |
| N53     |
| N54     |
| N55     |
| N59     |
| N63     |
| N84     |
| N85     |
| N86     |
| N87     |
| N88     |
| N89     |
| N90     |
| N91     |
| W05     |
| W10     |
| W11     |
| W12     |
| W16     |
| W17     |
| W18     |
| W19     |
| W20     |
| W21     |
| W22     |
| W23     |
| W29     |
| W32     |
| W41     |
| W44     |
| W47     |
| W50     |
| W51     |
| W52     |
| W53     |
| W54     |
| W55     |
| W63     |
| W64     |
| W65     |
| W66     |
| W67     |
| W69     |
| W70     |
| W71     |
| W73     |
| W74     |
| W75     |
| W76     |
| W77     |
| W78     |
| W79     |
| W80     |
| W82     |
| W94     |
| W95     |
| W96     |
| Y04     |
| Y06     |
| Y35     |
+---------+
256 rows in set (0.00 sec)

mysql> select * from tipo_previsÃ£o.[K[K[Kao;
ERROR 2006 (HY000): MySQL server has gone away
No connection. Trying to reconnect...
Connection id:    52676
Current database: consenso

+------------------+------------------+
| id_tipo_previsao | desc             |
+------------------+------------------+
|                1 | CAMPO            |
|                2 | ORÃ‡ADO           |
|                3 | REGRESSÃƒO        |
|                4 | HOLT-WINTERS     |
|                5 | OUTRA            |
|                6 | MARKETING        |
|                7 | BONIFICACAO      |
|                8 | COMEX            |
|                9 | REUNIÃƒO S&OP     |
|               10 | ORÃ‡ADO REVISADO  |
+------------------+------------------+
10 rows in set (0.00 sec)

]0;projetor@srvrlinux: ~/geovana/operacao/app[01;32mprojetor@srvrlinux[00m:[01;34m~/geovana/operacao/app[00m$ [K]0;projetor@srvrlinux: ~/geovana/operacao/app[01;32mprojetor@srvrlinux[00m:[01;34m~/geovana/operacao/app[00m$ mysql -h localhost -u root -p
Enter password: 
Welcome to the MySQL monitor.  Commands end with ; or \g.
Your MySQL connection id is 54821
Server version: 8.0.19 MySQL Community Server - GPL

Copyright (c) 2000, 2020, Oracle and/or its affiliates. All rights reserved.

Oracle is a registered trademark of Oracle Corporation and/or its
affiliates. Other names may be trademarks of their respective
owners.

Type 'help;' or '\h' for help. Type '\c' to clear the current input statement.

mysql> use cn[Konsenso;
Reading table information for completion of table and column names
You can turn off this feature to get a quicker startup with -A

Database changed
mysql> show tables;
+--------------------+
| Tables_in_consenso |
+--------------------+
| acao_vigente       |
| adm_contribuicoes  |
| bonificacao        |
| cockpit_adm        |
| data_contribuicao  |
| decisao            |
| faturado           |
| filial             |
| justificativa      |
| login              |
| previsao           |
| previsao_semanal   |
| producao_planejado |
| produto            |
| regional           |
| supervisao         |
| tipo_previsao      |
| usuarios           |
| vendido            |
+--------------------+
19 rows in set (0.00 sec)

mysql> select sum(valor) from produÃ§[Kcao_planejado where data = '2020-07-27';
ERROR 1054 (42S22): Unknown column 'data' in 'where clause'
mysql> describe producao_planejado;
+-----------------------+--------------+------+-----+---------+----------------+
| Field                 | Type         | Null | Key | Default | Extra          |
+-----------------------+--------------+------+-----+---------+----------------+
| id_producao_planejado | int(10)      | NO   | PRI | NULL    | auto_increment |
| data_producao         | date         | YES  | MUL | NULL    |                |
| produto               | varchar(100) | YES  | MUL | NULL    |                |
| valor                 | double       | YES  |     | NULL    |                |
+-----------------------+--------------+------+-----+---------+----------------+
4 rows in set (0.00 sec)

mysql> describe producao_planejado;[8Gselect sum(valor) from producao_planejado where data = '2020-07-27';[1@_ [1@p [1@r [1@o [1@d [1@u[80G' ;[A[66G[1@c[80G7;';[A[67G[1@a[80G2'7';[A[68G[1@o[80G-727';[A[69G[80G-2
+-------------------+
| sum(valor)        |
+-------------------+
| 568604.2585920002 |
+-------------------+
1 row in set (0.00 sec)

mysql> select * from produto where id_produto = "Bmysql> select * from produto where id_produto = "[KN85";
+------------+------------------------------------------+---------+-------------+---------+------------+--------------+-----------------+-------------+---------+---------+
| id_produto | sku                                      | familia | familia_sop | mercado | habilitado | volume_caixa | data_lancamento | embalagem   | marca   | divisao |
+------------+------------------------------------------+---------+-------------+---------+------------+--------------+-----------------+-------------+---------+---------+
| N85        | N85 - BISC MARILAN WAFER MORANGO 24X115E | WAFER   | WAFER       | COMEX   |          0 |         2.76 | 2015-01-01      | WAFER 115GR | MARILAN | NULL    |
+------------+------------------------------------------+---------+-------------+---------+------------+--------------+-----------------+-------------+---------+---------+
1 row in set (0.00 sec)

mysql> select * from produto where id_produto = "N85";85";[KA85";
+------------+----------------------------------------------+--------------+--------------+---------+------------+--------------+-----------------+-----------------+---------+---------+
| id_produto | sku                                          | familia      | familia_sop  | mercado | habilitado | volume_caixa | data_lancamento | embalagem       | marca   | divisao |
+------------+----------------------------------------------+--------------+--------------+---------+------------+--------------+-----------------+-----------------+---------+---------+
| A85        | A85 - BISC MARILAN AMANT TRADICIONAL 28X131E | AMANTEIGADOS | AMANTEIGADOS | COMEX   |          0 |         3.67 | 2015-01-01      | AMANTEIGADOS-TB | MARILAN | NULL    |
+------------+----------------------------------------------+--------------+--------------+---------+------------+--------------+-----------------+-----------------+---------+---------+
1 row in set (0.00 sec)

mysql> select * from produto where id_produto = "A85";[50GN85";[15Gsum(valor) from producao_planejado where data_producao  = '2020-07-27';[A[68G[P [68G  [P=[A[24G[P[67G ==[P [A[23G[P [68G  [P'[A[22G[P[67G ''[P2[A[21G[P[68G22[P0[A[20G[P[68G00[P2[A[19G[P[68G22[P0[A[18G[P[68G00[P-[A[17G[P[68G--[P0[A[16G[P[68G00[P7[A[15G[1@*[68G-7[1@07[A[16G[68G-0[8G[K an [K[K[K[K[K[K[K[K[A[68G[K  [K[A[68G[K[K[K[K[K[K[K[K[K[K[K[K[K[K[K[K[K[K[Kproduto = "N85";
+-----------------------+---------------+---------+---------------+
| id_producao_planejado | data_producao | produto | valor         |
+-----------------------+---------------+---------+---------------+
|                  4068 | 2019-12-14    | N85     |    1341.94005 |
|                  4812 | 2020-02-18    | N85     |  2182.2748006 |
|                  6278 | 2020-03-10    | N85     |   3826.737802 |
|                  7169 | 2020-04-01    | N85     |  948.41042282 |
|                  7640 | 2020-04-24    | N85     |  1556.7575184 |
|                 15897 | 2020-06-19    | N85     | 1911.30039408 |
|                 16092 | 2020-06-26    | N85     |  5081.5665456 |
|                 21025 | 2020-07-26    | N85     |   2254.827358 |
|                 21250 | 2020-07-01    | N85     |             0 |
|                 21439 | 2020-07-02    | N85     |             0 |
|                 21628 | 2020-07-03    | N85     |             0 |
|                 21817 | 2020-07-04    | N85     |             0 |
|                 22006 | 2020-07-05    | N85     |             0 |
|                 22195 | 2020-07-06    | N85     | 1107.32644128 |
|                 22384 | 2020-07-07    | N85     |             0 |
|                 22573 | 2020-07-08    | N85     |             0 |
|                 22762 | 2020-07-09    | N85     |             0 |
|                 22951 | 2020-07-14    | N85     |             0 |
|                 23140 | 2020-07-10    | N85     |             0 |
|                 23329 | 2020-07-11    | N85     |             0 |
|                 23518 | 2020-07-12    | N85     |             0 |
|                 23707 | 2020-07-13    | N85     |             0 |
|                 23896 | 2020-07-15    | N85     |             0 |
|                 24085 | 2020-07-16    | N85     |             0 |
|                 24274 | 2020-07-17    | N85     |             0 |
|                 24463 | 2020-07-18    | N85     |             0 |
|                 24652 | 2020-07-19    | N85     |             0 |
|                 24841 | 2020-07-20    | N85     |             0 |
|                 25030 | 2020-07-21    | N85     |             0 |
|                 44031 | 2020-07-27    | N85     | 1401.32363514 |
|                 44112 | 2020-07-28    | N85     |             0 |
|                 44194 | 2020-07-29    | N85     |             0 |
|                 44280 | 2020-07-30    | N85     |             0 |
|                 44366 | 2020-07-31    | N85     |             0 |
|                 44469 | 2020-08-01    | N85     |             0 |
|                 44572 | 2020-08-02    | N85     |             0 |
|                 44675 | 2020-08-03    | N85     |             0 |
|                 44778 | 2020-08-05    | N85     |             0 |
|                 44881 | 2020-08-04    | N85     |             0 |
+-----------------------+---------------+---------+---------------+
39 rows in set (0.00 sec)

mysql> select * from producao_planejado where produto = "N85";";[K";[K";[KW";5";6";
+-----------------------+---------------+---------+------------+
| id_producao_planejado | data_producao | produto | valor      |
+-----------------------+---------------+---------+------------+
|                 44052 | 2020-07-27    | W56     | 1379.50155 |
|                 44133 | 2020-07-28    | W56     |          0 |
|                 44215 | 2020-07-29    | W56     |          0 |
|                 44301 | 2020-07-30    | W56     |          0 |
|                 44387 | 2020-07-31    | W56     |          0 |
|                 44490 | 2020-08-01    | W56     |          0 |
|                 44593 | 2020-08-02    | W56     |          0 |
|                 44696 | 2020-08-03    | W56     |          0 |
|                 44799 | 2020-08-05    | W56     |          0 |
|                 44902 | 2020-08-04    | W56     |          0 |
+-----------------------+---------------+---------+------------+
10 rows in set (0.00 sec)

mysql> select * from producao_planejado where produto = "W56";[58GN85";[27G[8Pto where id_produto = "A85";";[K";[K";[KW";5";5";
+------------+--------------------------------------------+------------------+------------------+---------+------------+--------------+-----------------+---------------+----------+---------+
| id_produto | sku                                        | familia          | familia_sop      | mercado | habilitado | volume_caixa | data_lancamento | embalagem     | marca    | divisao |
+------------+--------------------------------------------+------------------+------------------+---------+------------+--------------+-----------------+---------------+----------+---------+
| W55        | W55 - BISC PIT STOP INTEGRAL 5 CER 36X168E | PERSONAL CRACKER | PERSONAL CRACKER | COMEX   |          0 |         6.05 | 2015-01-01      | PIT STOP SAUD | PIT STOP | NULL    |
+------------+--------------------------------------------+------------------+------------------+---------+------------+--------------+-----------------+---------------+----------+---------+
1 row in set (0.00 sec)

mysql> ^C
mysql> ^C
mysql> mysql> select * from produto where id_produto = "W55";[27Gcao_planejado where produto = "W56";[58GN85";[27G[8Pto where id_produto = "A85";[50GN85";[15Gsum(valor) from producao_planejado where data_producao =  '2020-07-27';
+------------------+
| sum(valor)       |
+------------------+
| 512342.879246208 |
+------------------+
1 row in set (0.00 sec)

mysql> ^C
mysql> exit;
Bye
]0;/home/projetor/geovana/operacao/app]0;projetor@srvrlinux: ~/geovana/operacao/app[01;32mprojetor@srvrlinux[00m:[01;34m~/geovana/operacao/app[00m$ [K]0;projetor@srvrlinux: ~/geovana/operacao/app[01;32mprojetor@srvrlinux[00m:[01;34m~/geovana/operacao/app[00m$ top
[?1h=[?25l[H[2J(B[mtop - 10:51:24 up 174 days, 23:56,  0 users,  load average: 0.00, 0.02, 0.06(B[m[39;49m(B[m[39;49m[K
Tasks:(B[m[39;49m[1m 132 (B[m[39;49mtotal,(B[m[39;49m[1m   1 (B[m[39;49mrunning,(B[m[39;49m[1m 131 (B[m[39;49msleeping,(B[m[39;49m[1m   0 (B[m[39;49mstopped,(B[m[39;49m[1m   0 (B[m[39;49mzombie(B[m[39;49m(B[m[39;49m[K
%Cpu(s):(B[m[39;49m[1m  1.1 (B[m[39;49mus,(B[m[39;49m[1m  0.2 (B[m[39;49msy,(B[m[39;49m[1m  0.0 (B[m[39;49mni,(B[m[39;49m[1m 98.5 (B[m[39;49mid,(B[m[39;49m[1m  0.2 (B[m[39;49mwa,(B[m[39;49m[1m  0.0 (B[m[39;49mhi,(B[m[39;49m[1m  0.0 (B[m[39;49msi,(B[m[39;49m[1m  0.0 (B[m[39;49mst(B[m[39;49m(B[m[39;49m[K
KiB Mem :(B[m[39;49m[1m  4028636 (B[m[39;49mtotal,(B[m[39;49m[1m   146040 (B[m[39;49mfree,(B[m[39;49m[1m  2917816 (B[m[39;49mused,(B[m[39;49m[1m   964780 (B[m[39;49mbuff/cache(B[m[39;49m(B[m[39;49m[K
KiB Swap:(B[m[39;49m[1m  2097148 (B[m[39;49mtotal,(B[m[39;49m[1m   839168 (B[m[39;49mfree,(B[m[39;49m[1m  1257980 (B[m[39;49mused.(B[m[39;49m[1m   757288 (B[m[39;49mavail Mem (B[m[39;49m(B[m[39;49m[K
[K
[7m   PID USER      PR  NI    VIRT    RES    SHR S  %CPU %MEM     TIME+ COMMAND                                                      (B[m[39;49m[K
(B[m 14013 mysql     20   0 1859328 438148   6852 S   3.1 10.9   1431:56 mysqld                                                       (B[m[39;49m[K
(B[m     1 root      20   0  185240   4664   3096 S   0.0  0.1   0:48.62 systemd                                                      (B[m[39;49m[K
(B[m     2 root      20   0       0      0      0 S   0.0  0.0   0:00.38 kthreadd                                                     (B[m[39;49m[K
(B[m     3 root      20   0       0      0      0 S   0.0  0.0   2:23.05 ksoftirqd/0                                                  (B[m[39;49m[K
(B[m     5 root       0 -20       0      0      0 S   0.0  0.0   0:00.00 kworker/0:0H                                                 (B[m[39;49m[K
(B[m     7 root      20   0       0      0      0 S   0.0  0.0  46:47.13 rcu_sched                                                    (B[m[39;49m[K
(B[m     8 root      20   0       0      0      0 S   0.0  0.0   0:00.00 rcu_bh                                                       (B[m[39;49m[K
(B[m     9 root      rt   0       0      0      0 S   0.0  0.0   1:30.76 migration/0                                                  (B[m[39;49m[K
(B[m    10 root      rt   0       0      0      0 S   0.0  0.0   1:00.20 watchdog/0                                                   (B[m[39;49m[K
(B[m    11 root      rt   0       0      0      0 S   0.0  0.0   0:47.35 watchdog/1                                                   (B[m[39;49m[K
(B[m    12 root      rt   0       0      0      0 S   0.0  0.0   1:28.38 migration/1                                                  (B[m[39;49m[K
(B[m    13 root      20   0       0      0      0 S   0.0  0.0   2:16.19 ksoftirqd/1                                                  (B[m[39;49m[K
(B[m    15 root       0 -20       0      0      0 S   0.0  0.0   0:00.00 kworker/1:0H                                                 (B[m[39;49m[K
(B[m    16 root      20   0       0      0      0 S   0.0  0.0   0:00.00 kdevtmpfs                                                    (B[m[39;49m[K
(B[m    17 root       0 -20       0      0      0 S   0.0  0.0   0:00.00 netns                                                        (B[m[39;49m[K
(B[m    18 root       0 -20       0      0      0 S   0.0  0.0   0:00.00 perf                                                         (B[m[39;49m[K
(B[m    19 root      20   0       0      0      0 S   0.0  0.0   0:04.38 khungtaskd                                                   (B[m[39;49m[K[H(B[mtop - 10:51:27 up 174 days, 23:56,  0 users,  load average: 0.00, 0.02, 0.06(B[m[39;49m(B[m[39;49m[K
Tasks:(B[m[39;49m[1m 132 (B[m[39;49mtotal,(B[m[39;49m[1m   1 (B[m[39;49mrunning,(B[m[39;49m[1m 131 (B[m[39;49msleeping,(B[m[39;49m[1m   0 (B[m[39;49mstopped,(B[m[39;49m[1m   0 (B[m[39;49mzombie(B[m[39;49m(B[m[39;49m[K
%Cpu(s):(B[m[39;49m[1m  0.3 (B[m[39;49mus,(B[m[39;49m[1m  0.3 (B[m[39;49msy,(B[m[39;49m[1m  0.0 (B[m[39;49mni,(B[m[39;49m[1m 99.2 (B[m[39;49mid,(B[m[39;49m[1m  0.2 (B[m[39;49mwa,(B[m[39;49m[1m  0.0 (B[m[39;49mhi,(B[m[39;49m[1m  0.0 (B[m[39;49msi,(B[m[39;49m[1m  0.0 (B[m[39;49mst(B[m[39;49m(B[m[39;49m[K
KiB Mem :(B[m[39;49m[1m  4028636 (B[m[39;49mtotal,(B[m[39;49m[1m   146064 (B[m[39;49mfree,(B[m[39;49m[1m  2917684 (B[m[39;49mused,(B[m[39;49m[1m   964888 (B[m[39;49mbuff/cache(B[m[39;49m(B[m[39;49m[K
KiB Swap:(B[m[39;49m[1m  2097148 (B[m[39;49mtotal,(B[m[39;49m[1m   839168 (B[m[39;49mfree,(B[m[39;49m[1m  1257980 (B[m[39;49mused.(B[m[39;49m[1m   757552 (B[m[39;49mavail Mem (B[m[39;49m(B[m[39;49m[K
[K

(B[m125243 projetor  20   0 2670812 1.801g  40016 S   0.7 46.9   9:18.29 rsession                                                     (B[m[39;49m[K
(B[m 14013 mysql     20   0 1859328 438148   6852 S   0.3 10.9   1431:56 mysqld                                                       (B[m[39;49m[K
(B[m 49331 root      20   0  229648  23100   7848 S   0.3  0.6  37:54.58 python3                                                      (B[m[39;49m[K
(B[m     1 root      20   0  185240   4664   3096 S   0.0  0.1   0:48.62 systemd                                                      (B[m[39;49m[K
(B[m     2 root      20   0       0      0      0 S   0.0  0.0   0:00.38 kthreadd                                                     (B[m[39;49m[K
(B[m     3 root      20   0       0      0      0 S   0.0  0.0   2:23.05 ksoftirqd/0                                                  (B[m[39;49m[K
(B[m     5 root       0 -20       0      0      0 S   0.0  0.0   0:00.00 kworker/0:0H                                                 (B[m[39;49m[K
(B[m     7 root      20   0       0      0      0 S   0.0  0.0  46:47.13 rcu_sched                                                    (B[m[39;49m[K
(B[m     8 root      20   0       0      0      0 S   0.0  0.0   0:00.00 rcu_bh                                                       (B[m[39;49m[K
(B[m     9 root      rt   0       0      0      0 S   0.0  0.0   1:30.76 migration/0                                                  (B[m[39;49m[K
(B[m    10 root      rt   0       0      0      0 S   0.0  0.0   1:00.20 watchdog/0                                                   (B[m[39;49m[K
(B[m    11 root      rt   0       0      0      0 S   0.0  0.0   0:47.35 watchdog/1                                                   (B[m[39;49m[K
(B[m    12 root      rt   0       0      0      0 S   0.0  0.0   1:28.38 migration/1                                                  (B[m[39;49m[K
(B[m    13 root      20   0       0      0      0 S   0.0  0.0   2:16.19 ksoftirqd/1                                                  (B[m[39;49m[K
(B[m    15 root       0 -20       0      0      0 S   0.0  0.0   0:00.00 kworker/1:0H                                                 (B[m[39;49m[K
(B[m    16 root      20   0       0      0      0 S   0.0  0.0   0:00.00 kdevtmpfs                                                    (B[m[39;49m[K
(B[m    17 root       0 -20       0      0      0 S   0.0  0.0   0:00.00 netns                                                        (B[m[39;49m[K[H(B[mtop - 10:51:30 up 174 days, 23:56,  0 users,  load average: 0.00, 0.02, 0.05(B[m[39;49m(B[m[39;49m[K

%Cpu(s):(B[m[39;49m[1m  0.3 (B[m[39;49mus,(B[m[39;49m[1m  0.2 (B[m[39;49msy,(B[m[39;49m[1m  0.0 (B[m[39;49mni,(B[m[39;49m[1m 99.5 (B[m[39;49mid,(B[m[39;49m[1m  0.0 (B[m[39;49mwa,(B[m[39;49m[1m  0.0 (B[m[39;49mhi,(B[m[39;49m[1m  0.0 (B[m[39;49msi,(B[m[39;49m[1m  0.0 (B[m[39;49mst(B[m[39;49m(B[m[39;49m[K
KiB Mem :(B[m[39;49m[1m  4028636 (B[m[39;49mtotal,(B[m[39;49m[1m   145940 (B[m[39;49mfree,(B[m[39;49m[1m  2917804 (B[m[39;49mused,(B[m[39;49m[1m   964892 (B[m[39;49mbuff/cache(B[m[39;49m(B[m[39;49m[K
KiB Swap:(B[m[39;49m[1m  2097148 (B[m[39;49mtotal,(B[m[39;49m[1m   839168 (B[m[39;49mfree,(B[m[39;49m[1m  1257980 (B[m[39;49mused.(B[m[39;49m[1m   757428 (B[m[39;49mavail Mem (B[m[39;49m(B[m[39;49m[K
[K

(B[m125243 projetor  20   0 2670812 1.801g  40016 S   1.0 46.9   9:18.32 rsession                                                     (B[m[39;49m[K

(B[m     1 root      20   0  185240   4664   3096 S   0.0  0.1   0:48.62 systemd                                                      (B[m[39;49m[K
(B[m     2 root      20   0       0      0      0 S   0.0  0.0   0:00.38 kthreadd                                                     (B[m[39;49m[K
(B[m     3 root      20   0       0      0      0 S   0.0  0.0   2:23.05 ksoftirqd/0                                                  (B[m[39;49m[K
(B[m     5 root       0 -20       0      0      0 S   0.0  0.0   0:00.00 kworker/0:0H                                                 (B[m[39;49m[K
(B[m     7 root      20   0       0      0      0 S   0.0  0.0  46:47.13 rcu_sched                                                    (B[m[39;49m[K
(B[m     8 root      20   0       0      0      0 S   0.0  0.0   0:00.00 rcu_bh                                                       (B[m[39;49m[K
(B[m     9 root      rt   0       0      0      0 S   0.0  0.0   1:30.76 migration/0                                                  (B[m[39;49m[K
(B[m    10 root      rt   0       0      0      0 S   0.0  0.0   1:00.20 watchdog/0                                                   (B[m[39;49m[K
(B[m    11 root      rt   0       0      0      0 S   0.0  0.0   0:47.35 watchdog/1                                                   (B[m[39;49m[K
(B[m    12 root      rt   0       0      0      0 S   0.0  0.0   1:28.38 migration/1                                                  (B[m[39;49m[K
(B[m    13 root      20   0       0      0      0 S   0.0  0.0   2:16.19 ksoftirqd/1                                                  (B[m[39;49m[K
(B[m    15 root       0 -20       0      0      0 S   0.0  0.0   0:00.00 kworker/1:0H                                                 (B[m[39;49m[K
(B[m    16 root      20   0       0      0      0 S   0.0  0.0   0:00.00 kdevtmpfs                                                    (B[m[39;49m[K
(B[m    17 root       0 -20       0      0      0 S   0.0  0.0   0:00.00 netns                                                        (B[m[39;49m[K
(B[m    18 root       0 -20       0      0      0 S   0.0  0.0   0:00.00 perf                                                         (B[m[39;49m[K[H(B[mtop - 10:51:33 up 174 days, 23:56,  0 users,  load average: 0.00, 0.02, 0.05(B[m[39;49m(B[m[39;49m[K

%Cpu(s):(B[m[39;49m[1m  0.5 (B[m[39;49mus,(B[m[39;49m[1m  0.3 (B[m[39;49msy,(B[m[39;49m[1m  0.0 (B[m[39;49mni,(B[m[39;49m[1m 99.0 (B[m[39;49mid,(B[m[39;49m[1m  0.2 (B[m[39;49mwa,(B[m[39;49m[1m  0.0 (B[m[39;49mhi,(B[m[39;49m[1m  0.0 (B[m[39;49msi,(B[m[39;49m[1m  0.0 (B[m[39;49mst(B[m[39;49m(B[m[39;49m[K
KiB Mem :(B[m[39;49m[1m  4028636 (B[m[39;49mtotal,(B[m[39;49m[1m   145940 (B[m[39;49mfree,(B[m[39;49m[1m  2917800 (B[m[39;49mused,(B[m[39;49m[1m   964896 (B[m[39;49mbuff/cache(B[m[39;49m(B[m[39;49m[K
KiB Swap:(B[m[39;49m[1m  2097148 (B[m[39;49mtotal,(B[m[39;49m[1m   839168 (B[m[39;49mfree,(B[m[39;49m[1m  1257980 (B[m[39;49mused.(B[m[39;49m[1m   757460 (B[m[39;49mavail Mem (B[m[39;49m(B[m[39;49m[K
[K

(B[m 14013 mysql     20   0 1859328 438148   6852 S   0.7 10.9   1431:56 mysqld                                                       (B[m[39;49m[K
(B[m125243 projetor  20   0 2670812 1.801g  40016 S   0.7 46.9   9:18.34 rsession                                                     (B[m[39;49m[K
(B[m 49331 root      20   0  229648  23100   7848 S   0.3  0.6  37:54.59 python3                                                      (B[m[39;49m[K
(B[m     1 root      20   0  185240   4664   3096 S   0.0  0.1   0:48.62 systemd                                                      (B[m[39;49m[K
(B[m     2 root      20   0       0      0      0 S   0.0  0.0   0:00.38 kthreadd                                                     (B[m[39;49m[K
(B[m     3 root      20   0       0      0      0 S   0.0  0.0   2:23.05 ksoftirqd/0                                                  (B[m[39;49m[K
(B[m     5 root       0 -20       0      0      0 S   0.0  0.0   0:00.00 kworker/0:0H                                                 (B[m[39;49m[K
(B[m     7 root      20   0       0      0      0 S   0.0  0.0  46:47.13 rcu_sched                                                    (B[m[39;49m[K
(B[m     8 root      20   0       0      0      0 S   0.0  0.0   0:00.00 rcu_bh                                                       (B[m[39;49m[K
(B[m     9 root      rt   0       0      0      0 S   0.0  0.0   1:30.76 migration/0                                                  (B[m[39;49m[K
(B[m    10 root      rt   0       0      0      0 S   0.0  0.0   1:00.20 watchdog/0                                                   (B[m[39;49m[K
(B[m    11 root      rt   0       0      0      0 S   0.0  0.0   0:47.35 watchdog/1                                                   (B[m[39;49m[K
(B[m    12 root      rt   0       0      0      0 S   0.0  0.0   1:28.38 migration/1                                                  (B[m[39;49m[K
(B[m    13 root      20   0       0      0      0 S   0.0  0.0   2:16.19 ksoftirqd/1                                                  (B[m[39;49m[K
(B[m    15 root       0 -20       0      0      0 S   0.0  0.0   0:00.00 kworker/1:0H                                                 (B[m[39;49m[K
(B[m    16 root      20   0       0      0      0 S   0.0  0.0   0:00.00 kdevtmpfs                                                    (B[m[39;49m[K
(B[m    17 root       0 -20       0      0      0 S   0.0  0.0   0:00.00 netns                                                        (B[m[39;49m[K[H(B[mtop - 10:51:36 up 174 days, 23:56,  0 users,  load average: 0.00, 0.02, 0.05(B[m[39;49m(B[m[39;49m[K

%Cpu(s):(B[m[39;49m[1m  0.3 (B[m[39;49mus,(B[m[39;49m[1m  0.0 (B[m[39;49msy,(B[m[39;49m[1m  0.0 (B[m[39;49mni,(B[m[39;49m[1m 99.7 (B[m[39;49mid,(B[m[39;49m[1m  0.0 (B[m[39;49mwa,(B[m[39;49m[1m  0.0 (B[m[39;49mhi,(B[m[39;49m[1m  0.0 (B[m[39;49msi,(B[m[39;49m[1m  0.0 (B[m[39;49mst(B[m[39;49m(B[m[39;49m[K
KiB Mem :(B[m[39;49m[1m  4028636 (B[m[39;49mtotal,(B[m[39;49m[1m   145940 (B[m[39;49mfree,(B[m[39;49m[1m  2917796 (B[m[39;49mused,(B[m[39;49m[1m   964900 (B[m[39;49mbuff/cache(B[m[39;49m(B[m[39;49m[K

[K

(B[m 14013 mysql     20   0 1859328 438148   6852 S   0.3 10.9   1431:56 mysqld                                                       (B[m[39;49m[K
(B[m112525 rstudio+  20   0 1634440 497420   4704 S   0.3 12.3  34:48.87 rserver                                                      (B[m[39;49m[K
(B[m125243 projetor  20   0 2670812 1.801g  40016 S   0.3 46.9   9:18.35 rsession                                                     (B[m[39;49m[K
(B[m[1m127709 projetor  20   0   41784   3688   3104 R   0.3  0.1   0:00.01 top                                                          (B[m[39;49m[K
(B[m     1 root      20   0  185240   4664   3096 S   0.0  0.1   0:48.62 systemd                                                      (B[m[39;49m[K
(B[m     2 root      20   0       0      0      0 S   0.0  0.0   0:00.38 kthreadd                                                     (B[m[39;49m[K
(B[m     3 root      20   0       0      0      0 S   0.0  0.0   2:23.05 ksoftirqd/0                                                  (B[m[39;49m[K
(B[m     5 root       0 -20       0      0      0 S   0.0  0.0   0:00.00 kworker/0:0H                                                 (B[m[39;49m[K
(B[m     7 root      20   0       0      0      0 S   0.0  0.0  46:47.13 rcu_sched                                                    (B[m[39;49m[K
(B[m     8 root      20   0       0      0      0 S   0.0  0.0   0:00.00 rcu_bh                                                       (B[m[39;49m[K
(B[m     9 root      rt   0       0      0      0 S   0.0  0.0   1:30.76 migration/0                                                  (B[m[39;49m[K
(B[m    10 root      rt   0       0      0      0 S   0.0  0.0   1:00.20 watchdog/0                                                   (B[m[39;49m[K
(B[m    11 root      rt   0       0      0      0 S   0.0  0.0   0:47.35 watchdog/1                                                   (B[m[39;49m[K
(B[m    12 root      rt   0       0      0      0 S   0.0  0.0   1:28.38 migration/1                                                  (B[m[39;49m[K
(B[m    13 root      20   0       0      0      0 S   0.0  0.0   2:16.19 ksoftirqd/1                                                  (B[m[39;49m[K
(B[m    15 root       0 -20       0      0      0 S   0.0  0.0   0:00.00 kworker/1:0H                                                 (B[m[39;49m[K
(B[m    16 root      20   0       0      0      0 S   0.0  0.0   0:00.00 kdevtmpfs                                                    (B[m[39;49m[K[H(B[mtop - 10:51:39 up 174 days, 23:56,  0 users,  load average: 0.00, 0.02, 0.05(B[m[39;49m(B[m[39;49m[K

%Cpu(s):(B[m[39;49m[1m  0.3 (B[m[39;49mus,(B[m[39;49m[1m  0.3 (B[m[39;49msy,(B[m[39;49m[1m  0.0 (B[m[39;49mni,(B[m[39;49m[1m 99.2 (B[m[39;49mid,(B[m[39;49m[1m  0.2 (B[m[39;49mwa,(B[m[39;49m[1m  0.0 (B[m[39;49mhi,(B[m[39;49m[1m  0.0 (B[m[39;49msi,(B[m[39;49m[1m  0.0 (B[m[39;49mst(B[m[39;49m(B[m[39;49m[K

KiB Swap:(B[m[39;49m[1m  2097148 (B[m[39;49mtotal,(B[m[39;49m[1m   839168 (B[m[39;49mfree,(B[m[39;49m[1m  1257980 (B[m[39;49mused.(B[m[39;49m[1m   757464 (B[m[39;49mavail Mem (B[m[39;49m(B[m[39;49m[K
[K

(B[m125243 projetor  20   0 2670812 1.801g  40016 S   1.0 46.9   9:18.38 rsession                                                     (B[m[39;49m[K
(B[m 14013 mysql     20   0 1859328 438148   6852 S   0.3 10.9   1431:56 mysqld                                                       (B[m[39;49m[K
(B[m 49331 root      20   0  229648  23100   7848 S   0.3  0.6  37:54.60 python3                                                      (B[m[39;49m[K
(B[m[1m127709 projetor  20   0   41784   3688   3104 R   0.3  0.1   0:00.02 top                                                          (B[m[39;49m[K












[H(B[mtop - 10:51:42 up 174 days, 23:56,  0 users,  load average: 0.00, 0.02, 0.05(B[m[39;49m(B[m[39;49m[K

%Cpu(s):(B[m[39;49m[1m  0.3 (B[m[39;49mus,(B[m[39;49m[1m  0.2 (B[m[39;49msy,(B[m[39;49m[1m  0.0 (B[m[39;49mni,(B[m[39;49m[1m 99.5 (B[m[39;49mid,(B[m[39;49m[1m  0.0 (B[m[39;49mwa,(B[m[39;49m[1m  0.0 (B[m[39;49mhi,(B[m[39;49m[1m  0.0 (B[m[39;49msi,(B[m[39;49m[1m  0.0 (B[m[39;49mst(B[m[39;49m(B[m[39;49m[K
KiB Mem :(B[m[39;49m[1m  4028636 (B[m[39;49mtotal,(B[m[39;49m[1m   145444 (B[m[39;49mfree,(B[m[39;49m[1m  2918288 (B[m[39;49mused,(B[m[39;49m[1m   964904 (B[m[39;49mbuff/cache(B[m[39;49m(B[m[39;49m[K
KiB Swap:(B[m[39;49m[1m  2097148 (B[m[39;49mtotal,(B[m[39;49m[1m   839168 (B[m[39;49mfree,(B[m[39;49m[1m  1257980 (B[m[39;49mused.(B[m[39;49m[1m   756968 (B[m[39;49mavail Mem (B[m[39;49m(B[m[39;49m[K
[K

(B[m 14013 mysql     20   0 1859328 438148   6852 S   0.7 10.9   1431:56 mysqld                                                       (B[m[39;49m[K
(B[m125243 projetor  20   0 2670812 1.801g  40016 S   0.7 46.9   9:18.40 rsession                                                     (B[m[39;49m[K
(B[m     1 root      20   0  185240   4664   3096 S   0.0  0.1   0:48.62 systemd                                                      (B[m[39;49m[K
(B[m     2 root      20   0       0      0      0 S   0.0  0.0   0:00.38 kthreadd                                                     (B[m[39;49m[K
(B[m     3 root      20   0       0      0      0 S   0.0  0.0   2:23.05 ksoftirqd/0                                                  (B[m[39;49m[K
(B[m     5 root       0 -20       0      0      0 S   0.0  0.0   0:00.00 kworker/0:0H                                                 (B[m[39;49m[K
(B[m     7 root      20   0       0      0      0 S   0.0  0.0  46:47.13 rcu_sched                                                    (B[m[39;49m[K
(B[m     8 root      20   0       0      0      0 S   0.0  0.0   0:00.00 rcu_bh                                                       (B[m[39;49m[K
(B[m     9 root      rt   0       0      0      0 S   0.0  0.0   1:30.76 migration/0                                                  (B[m[39;49m[K
(B[m    10 root      rt   0       0      0      0 S   0.0  0.0   1:00.20 watchdog/0                                                   (B[m[39;49m[K
(B[m    11 root      rt   0       0      0      0 S   0.0  0.0   0:47.35 watchdog/1                                                   (B[m[39;49m[K
(B[m    12 root      rt   0       0      0      0 S   0.0  0.0   1:28.38 migration/1                                                  (B[m[39;49m[K
(B[m    13 root      20   0       0      0      0 S   0.0  0.0   2:16.19 ksoftirqd/1                                                  (B[m[39;49m[K
(B[m    15 root       0 -20       0      0      0 S   0.0  0.0   0:00.00 kworker/1:0H                                                 (B[m[39;49m[K
(B[m    16 root      20   0       0      0      0 S   0.0  0.0   0:00.00 kdevtmpfs                                                    (B[m[39;49m[K
(B[m    17 root       0 -20       0      0      0 S   0.0  0.0   0:00.00 netns                                                        (B[m[39;49m[K
(B[m    18 root       0 -20       0      0      0 S   0.0  0.0   0:00.00 perf                                                         (B[m[39;49m[K[H(B[mtop - 10:51:45 up 174 days, 23:56,  0 users,  load average: 0.00, 0.02, 0.05(B[m[39;49m(B[m[39;49m[K

%Cpu(s):(B[m[39;49m[1m  0.7 (B[m[39;49mus,(B[m[39;49m[1m  0.3 (B[m[39;49msy,(B[m[39;49m[1m  0.0 (B[m[39;49mni,(B[m[39;49m[1m 98.8 (B[m[39;49mid,(B[m[39;49m[1m  0.2 (B[m[39;49mwa,(B[m[39;49m[1m  0.0 (B[m[39;49mhi,(B[m[39;49m[1m  0.0 (B[m[39;49msi,(B[m[39;49m[1m  0.0 (B[m[39;49mst(B[m[39;49m(B[m[39;49m[K
KiB Mem :(B[m[39;49m[1m  4028636 (B[m[39;49mtotal,(B[m[39;49m[1m   145444 (B[m[39;49mfree,(B[m[39;49m[1m  2918284 (B[m[39;49mused,(B[m[39;49m[1m   964908 (B[m[39;49mbuff/cache(B[m[39;49m(B[m[39;49m[K
KiB Swap:(B[m[39;49m[1m  2097148 (B[m[39;49mtotal,(B[m[39;49m[1m   839168 (B[m[39;49mfree,(B[m[39;49m[1m  1257980 (B[m[39;49mused.(B[m[39;49m[1m   756972 (B[m[39;49mavail Mem (B[m[39;49m(B[m[39;49m[K
[K

(B[m125243 projetor  20   0 2670812 1.801g  40016 S   0.7 46.9   9:18.42 rsession                                                     (B[m[39;49m[K
(B[m 14013 mysql     20   0 1859328 438148   6852 S   0.3 10.9   1431:56 mysqld                                                       (B[m[39;49m[K
(B[m 49331 root      20   0  229648  23100   7848 S   0.3  0.6  37:54.61 python3                                                      (B[m[39;49m[K
(B[m     1 root      20   0  185240   4664   3096 S   0.0  0.1   0:48.62 systemd                                                      (B[m[39;49m[K
(B[m     2 root      20   0       0      0      0 S   0.0  0.0   0:00.38 kthreadd                                                     (B[m[39;49m[K
(B[m     3 root      20   0       0      0      0 S   0.0  0.0   2:23.05 ksoftirqd/0                                                  (B[m[39;49m[K
(B[m     5 root       0 -20       0      0      0 S   0.0  0.0   0:00.00 kworker/0:0H                                                 (B[m[39;49m[K
(B[m     7 root      20   0       0      0      0 S   0.0  0.0  46:47.13 rcu_sched                                                    (B[m[39;49m[K
(B[m     8 root      20   0       0      0      0 S   0.0  0.0   0:00.00 rcu_bh                                                       (B[m[39;49m[K
(B[m     9 root      rt   0       0      0      0 S   0.0  0.0   1:30.76 migration/0                                                  (B[m[39;49m[K
(B[m    10 root      rt   0       0      0      0 S   0.0  0.0   1:00.20 watchdog/0                                                   (B[m[39;49m[K
(B[m    11 root      rt   0       0      0      0 S   0.0  0.0   0:47.35 watchdog/1                                                   (B[m[39;49m[K
(B[m    12 root      rt   0       0      0      0 S   0.0  0.0   1:28.38 migration/1                                                  (B[m[39;49m[K
(B[m    13 root      20   0       0      0      0 S   0.0  0.0   2:16.19 ksoftirqd/1                                                  (B[m[39;49m[K
(B[m    15 root       0 -20       0      0      0 S   0.0  0.0   0:00.00 kworker/1:0H                                                 (B[m[39;49m[K
(B[m    16 root      20   0       0      0      0 S   0.0  0.0   0:00.00 kdevtmpfs                                                    (B[m[39;49m[K
(B[m    17 root       0 -20       0      0      0 S   0.0  0.0   0:00.00 netns                                                        (B[m[39;49m[K[H(B[mtop - 10:51:48 up 174 days, 23:56,  0 users,  load average: 0.00, 0.02, 0.05(B[m[39;49m(B[m[39;49m[K

%Cpu(s):(B[m[39;49m[1m  0.3 (B[m[39;49mus,(B[m[39;49m[1m  0.0 (B[m[39;49msy,(B[m[39;49m[1m  0.0 (B[m[39;49mni,(B[m[39;49m[1m 99.7 (B[m[39;49mid,(B[m[39;49m[1m  0.0 (B[m[39;49mwa,(B[m[39;49m[1m  0.0 (B[m[39;49mhi,(B[m[39;49m[1m  0.0 (B[m[39;49msi,(B[m[39;49m[1m  0.0 (B[m[39;49mst(B[m[39;49m(B[m[39;49m[K


[K

(B[m 14013 mysql     20   0 1859328 438148   6852 S   0.7 10.9   1431:56 mysqld                                                       (B[m[39;49m[K
(B[m125243 projetor  20   0 2670812 1.801g  40016 S   0.7 46.9   9:18.44 rsession                                                     (B[m[39;49m[K
(B[m112525 rstudio+  20   0 1634440 497420   4704 S   0.3 12.3  34:48.88 rserver                                                      (B[m[39;49m[K
(B[m[1m127709 projetor  20   0   41784   3688   3104 R   0.3  0.1   0:00.03 top                                                          (B[m[39;49m[K
(B[m     1 root      20   0  185240   4664   3096 S   0.0  0.1   0:48.62 systemd                                                      (B[m[39;49m[K
(B[m     2 root      20   0       0      0      0 S   0.0  0.0   0:00.38 kthreadd                                                     (B[m[39;49m[K
(B[m     3 root      20   0       0      0      0 S   0.0  0.0   2:23.05 ksoftirqd/0                                                  (B[m[39;49m[K
(B[m     5 root       0 -20       0      0      0 S   0.0  0.0   0:00.00 kworker/0:0H                                                 (B[m[39;49m[K
(B[m     7 root      20   0       0      0      0 S   0.0  0.0  46:47.13 rcu_sched                                                    (B[m[39;49m[K
(B[m     8 root      20   0       0      0      0 S   0.0  0.0   0:00.00 rcu_bh                                                       (B[m[39;49m[K
(B[m     9 root      rt   0       0      0      0 S   0.0  0.0   1:30.76 migration/0                                                  (B[m[39;49m[K
(B[m    10 root      rt   0       0      0      0 S   0.0  0.0   1:00.20 watchdog/0                                                   (B[m[39;49m[K
(B[m    11 root      rt   0       0      0      0 S   0.0  0.0   0:47.35 watchdog/1                                                   (B[m[39;49m[K
(B[m    12 root      rt   0       0      0      0 S   0.0  0.0   1:28.38 migration/1                                                  (B[m[39;49m[K
(B[m    13 root      20   0       0      0      0 S   0.0  0.0   2:16.19 ksoftirqd/1                                                  (B[m[39;49m[K
(B[m    15 root       0 -20       0      0      0 S   0.0  0.0   0:00.00 kworker/1:0H                                                 (B[m[39;49m[K
(B[m    16 root      20   0       0      0      0 S   0.0  0.0   0:00.00 kdevtmpfs                                                    (B[m[39;49m[K[H(B[mtop - 10:51:51 up 174 days, 23:56,  0 users,  load average: 0.00, 0.02, 0.05(B[m[39;49m(B[m[39;49m[K
Tasks:(B[m[39;49m[1m 132 (B[m[39;49mtotal,(B[m[39;49m[1m   2 (B[m[39;49mrunning,(B[m[39;49m[1m 130 (B[m[39;49msleeping,(B[m[39;49m[1m   0 (B[m[39;49mstopped,(B[m[39;49m[1m   0 (B[m[39;49mzombie(B[m[39;49m(B[m[39;49m[K
%Cpu(s):(B[m[39;49m[1m  0.7 (B[m[39;49mus,(B[m[39;49m[1m  0.2 (B[m[39;49msy,(B[m[39;49m[1m  0.0 (B[m[39;49mni,(B[m[39;49m[1m 99.0 (B[m[39;49mid,(B[m[39;49m[1m  0.2 (B[m[39;49mwa,(B[m[39;49m[1m  0.0 (B[m[39;49mhi,(B[m[39;49m[1m  0.0 (B[m[39;49msi,(B[m[39;49m[1m  0.0 (B[m[39;49mst(B[m[39;49m(B[m[39;49m[K
KiB Mem :(B[m[39;49m[1m  4028636 (B[m[39;49mtotal,(B[m[39;49m[1m   145444 (B[m[39;49mfree,(B[m[39;49m[1m  2918280 (B[m[39;49mused,(B[m[39;49m[1m   964912 (B[m[39;49mbuff/cache(B[m[39;49m(B[m[39;49m[K
KiB Swap:(B[m[39;49m[1m  2097148 (B[m[39;49mtotal,(B[m[39;49m[1m   839168 (B[m[39;49mfree,(B[m[39;49m[1m  1257980 (B[m[39;49mused.(B[m[39;49m[1m   756980 (B[m[39;49mavail Mem (B[m[39;49m(B[m[39;49m[K
[K


(B[m125243 projetor  20   0 2670812 1.801g  40016 S   0.7 46.9   9:18.46 rsession                                                     (B[m[39;49m[K
(B[m     7 root      20   0       0      0      0 S   0.3  0.0  46:47.14 rcu_sched                                                    (B[m[39;49m[K
(B[m 49331 root      20   0  229648  23100   7848 S   0.3  0.6  37:54.62 python3                                                      (B[m[39;49m[K




(B[m     8 root      20   0       0      0      0 S   0.0  0.0   0:00.00 rcu_bh                                                       (B[m[39;49m[K
(B[m     9 root      rt   0       0      0      0 S   0.0  0.0   1:30.76 migration/0                                                  (B[m[39;49m[K
(B[m    10 root      rt   0       0      0      0 S   0.0  0.0   1:00.20 watchdog/0                                                   (B[m[39;49m[K
(B[m    11 root      rt   0       0      0      0 S   0.0  0.0   0:47.35 watchdog/1                                                   (B[m[39;49m[K
(B[m    12 root      rt   0       0      0      0 S   0.0  0.0   1:28.38 migration/1                                                  (B[m[39;49m[K
(B[m    13 root      20   0       0      0      0 S   0.0  0.0   2:16.19 ksoftirqd/1                                                  (B[m[39;49m[K
(B[m    15 root       0 -20       0      0      0 S   0.0  0.0   0:00.00 kworker/1:0H                                                 (B[m[39;49m[K
(B[m    16 root      20   0       0      0      0 S   0.0  0.0   0:00.00 kdevtmpfs                                                    (B[m[39;49m[K
(B[m    17 root       0 -20       0      0      0 S   0.0  0.0   0:00.00 netns                                                        (B[m[39;49m[K[H(B[mtop - 10:51:54 up 174 days, 23:56,  0 users,  load average: 0.00, 0.02, 0.05(B[m[39;49m(B[m[39;49m[K
Tasks:(B[m[39;49m[1m 132 (B[m[39;49mtotal,(B[m[39;49m[1m   1 (B[m[39;49mrunning,(B[m[39;49m[1m 131 (B[m[39;49msleeping,(B[m[39;49m[1m   0 (B[m[39;49mstopped,(B[m[39;49m[1m   0 (B[m[39;49mzombie(B[m[39;49m(B[m[39;49m[K
%Cpu(s):(B[m[39;49m[1m  0.2 (B[m[39;49mus,(B[m[39;49m[1m  0.2 (B[m[39;49msy,(B[m[39;49m[1m  0.0 (B[m[39;49mni,(B[m[39;49m[1m 99.7 (B[m[39;49mid,(B[m[39;49m[1m  0.0 (B[m[39;49mwa,(B[m[39;49m[1m  0.0 (B[m[39;49mhi,(B[m[39;49m[1m  0.0 (B[m[39;49msi,(B[m[39;49m[1m  0.0 (B[m[39;49mst(B[m[39;49m(B[m[39;49m[K
KiB Mem :(B[m[39;49m[1m  4028636 (B[m[39;49mtotal,(B[m[39;49m[1m   145444 (B[m[39;49mfree,(B[m[39;49m[1m  2918272 (B[m[39;49mused,(B[m[39;49m[1m   964920 (B[m[39;49mbuff/cache(B[m[39;49m(B[m[39;49m[K
KiB Swap:(B[m[39;49m[1m  2097148 (B[m[39;49mtotal,(B[m[39;49m[1m   839168 (B[m[39;49mfree,(B[m[39;49m[1m  1257980 (B[m[39;49mused.(B[m[39;49m[1m   756984 (B[m[39;49mavail Mem (B[m[39;49m(B[m[39;49m[K
[K

(B[m125243 projetor  20   0 2670812 1.801g  40016 S   0.7 46.9   9:18.48 rsession                                                     (B[m[39;49m[K
(B[m 14013 mysql     20   0 1859328 438148   6852 S   0.3 10.9   1431:56 mysqld                                                       (B[m[39;49m[K
(B[m     1 root      20   0  185240   4664   3096 S   0.0  0.1   0:48.62 systemd                                                      (B[m[39;49m[K
(B[m     2 root      20   0       0      0      0 S   0.0  0.0   0:00.38 kthreadd                                                     (B[m[39;49m[K
(B[m     3 root      20   0       0      0      0 S   0.0  0.0   2:23.05 ksoftirqd/0                                                  (B[m[39;49m[K
(B[m     5 root       0 -20       0      0      0 S   0.0  0.0   0:00.00 kworker/0:0H                                                 (B[m[39;49m[K
(B[m     7 root      20   0       0      0      0 S   0.0  0.0  46:47.14 rcu_sched                                                    (B[m[39;49m[K
(B[m     8 root      20   0       0      0      0 S   0.0  0.0   0:00.00 rcu_bh                                                       (B[m[39;49m[K
(B[m     9 root      rt   0       0      0      0 S   0.0  0.0   1:30.76 migration/0                                                  (B[m[39;49m[K
(B[m    10 root      rt   0       0      0      0 S   0.0  0.0   1:00.20 watchdog/0                                                   (B[m[39;49m[K
(B[m    11 root      rt   0       0      0      0 S   0.0  0.0   0:47.35 watchdog/1                                                   (B[m[39;49m[K
(B[m    12 root      rt   0       0      0      0 S   0.0  0.0   1:28.38 migration/1                                                  (B[m[39;49m[K
(B[m    13 root      20   0       0      0      0 S   0.0  0.0   2:16.19 ksoftirqd/1                                                  (B[m[39;49m[K
(B[m    15 root       0 -20       0      0      0 S   0.0  0.0   0:00.00 kworker/1:0H                                                 (B[m[39;49m[K
(B[m    16 root      20   0       0      0      0 S   0.0  0.0   0:00.00 kdevtmpfs                                                    (B[m[39;49m[K
(B[m    17 root       0 -20       0      0      0 S   0.0  0.0   0:00.00 netns                                                        (B[m[39;49m[K
(B[m    18 root       0 -20       0      0      0 S   0.0  0.0   0:00.00 perf                                                         (B[m[39;49m[K[H(B[mtop - 10:51:57 up 174 days, 23:56,  0 users,  load average: 0.08, 0.03, 0.06(B[m[39;49m(B[m[39;49m[K

%Cpu(s):(B[m[39;49m[1m  0.5 (B[m[39;49mus,(B[m[39;49m[1m  0.2 (B[m[39;49msy,(B[m[39;49m[1m  0.0 (B[m[39;49mni,(B[m[39;49m[1m 99.2 (B[m[39;49mid,(B[m[39;49m[1m  0.2 (B[m[39;49mwa,(B[m[39;49m[1m  0.0 (B[m[39;49mhi,(B[m[39;49m[1m  0.0 (B[m[39;49msi,(B[m[39;49m[1m  0.0 (B[m[39;49mst(B[m[39;49m(B[m[39;49m[K
KiB Mem :(B[m[39;49m[1m  4028636 (B[m[39;49mtotal,(B[m[39;49m[1m   145444 (B[m[39;49mfree,(B[m[39;49m[1m  2918264 (B[m[39;49mused,(B[m[39;49m[1m   964928 (B[m[39;49mbuff/cache(B[m[39;49m(B[m[39;49m[K
KiB Swap:(B[m[39;49m[1m  2097148 (B[m[39;49mtotal,(B[m[39;49m[1m   839168 (B[m[39;49mfree,(B[m[39;49m[1m  1257980 (B[m[39;49mused.(B[m[39;49m[1m   756996 (B[m[39;49mavail Mem (B[m[39;49m(B[m[39;49m[K
[K

(B[m125243 projetor  20   0 2670812 1.801g  40016 S   0.7 46.9   9:18.50 rsession                                                     (B[m[39;49m[K

(B[m 49331 root      20   0  229648  23100   7848 S   0.3  0.6  37:54.63 python3                                                      (B[m[39;49m[K
(B[m     1 root      20   0  185240   4664   3096 S   0.0  0.1   0:48.62 systemd                                                      (B[m[39;49m[K
(B[m     2 root      20   0       0      0      0 S   0.0  0.0   0:00.38 kthreadd                                                     (B[m[39;49m[K
(B[m     3 root      20   0       0      0      0 S   0.0  0.0   2:23.05 ksoftirqd/0                                                  (B[m[39;49m[K
(B[m     5 root       0 -20       0      0      0 S   0.0  0.0   0:00.00 kworker/0:0H                                                 (B[m[39;49m[K
(B[m     7 root      20   0       0      0      0 S   0.0  0.0  46:47.14 rcu_sched                                                    (B[m[39;49m[K
(B[m     8 root      20   0       0      0      0 S   0.0  0.0   0:00.00 rcu_bh                                                       (B[m[39;49m[K
(B[m     9 root      rt   0       0      0      0 S   0.0  0.0   1:30.76 migration/0                                                  (B[m[39;49m[K
(B[m    10 root      rt   0       0      0      0 S   0.0  0.0   1:00.20 watchdog/0                                                   (B[m[39;49m[K
(B[m    11 root      rt   0       0      0      0 S   0.0  0.0   0:47.35 watchdog/1                                                   (B[m[39;49m[K
(B[m    12 root      rt   0       0      0      0 S   0.0  0.0   1:28.38 migration/1                                                  (B[m[39;49m[K
(B[m    13 root      20   0       0      0      0 S   0.0  0.0   2:16.19 ksoftirqd/1                                                  (B[m[39;49m[K
(B[m    15 root       0 -20       0      0      0 S   0.0  0.0   0:00.00 kworker/1:0H                                                 (B[m[39;49m[K
(B[m    16 root      20   0       0      0      0 S   0.0  0.0   0:00.00 kdevtmpfs                                                    (B[m[39;49m[K
(B[m    17 root       0 -20       0      0      0 S   0.0  0.0   0:00.00 netns                                                        (B[m[39;49m[K[H(B[mtop - 10:52:00 up 174 days, 23:56,  0 users,  load average: 0.07, 0.03, 0.06(B[m[39;49m(B[m[39;49m[K

%Cpu(s):(B[m[39;49m[1m  0.3 (B[m[39;49mus,(B[m[39;49m[1m  0.3 (B[m[39;49msy,(B[m[39;49m[1m  0.0 (B[m[39;49mni,(B[m[39;49m[1m 99.3 (B[m[39;49mid,(B[m[39;49m[1m  0.0 (B[m[39;49mwa,(B[m[39;49m[1m  0.0 (B[m[39;49mhi,(B[m[39;49m[1m  0.0 (B[m[39;49msi,(B[m[39;49m[1m  0.0 (B[m[39;49mst(B[m[39;49m(B[m[39;49m[K
KiB Mem :(B[m[39;49m[1m  4028636 (B[m[39;49mtotal,(B[m[39;49m[1m   145444 (B[m[39;49mfree,(B[m[39;49m[1m  2918260 (B[m[39;49mused,(B[m[39;49m[1m   964932 (B[m[39;49mbuff/cache(B[m[39;49m(B[m[39;49m[K
KiB Swap:(B[m[39;49m[1m  2097148 (B[m[39;49mtotal,(B[m[39;49m[1m   839168 (B[m[39;49mfree,(B[m[39;49m[1m  1257980 (B[m[39;49mused.(B[m[39;49m[1m   757000 (B[m[39;49mavail Mem (B[m[39;49m(B[m[39;49m[K
[K

(B[m 14013 mysql     20   0 1859328 438148   6852 S   0.7 10.9   1431:56 mysqld                                                       (B[m[39;49m[K
(B[m125243 projetor  20   0 2670812 1.801g  40016 S   0.7 46.9   9:18.52 rsession                                                     (B[m[39;49m[K
(B[m 49331 root      20   0  229648  23100   7848 S   0.3  0.6  37:54.64 python3                                                      (B[m[39;49m[K
(B[m[1m127709 projetor  20   0   41784   3688   3104 R   0.3  0.1   0:00.04 top                                                          (B[m[39;49m[K
(B[m     1 root      20   0  185240   4664   3096 S   0.0  0.1   0:48.62 systemd                                                      (B[m[39;49m[K
(B[m     2 root      20   0       0      0      0 S   0.0  0.0   0:00.38 kthreadd                                                     (B[m[39;49m[K
(B[m     3 root      20   0       0      0      0 S   0.0  0.0   2:23.05 ksoftirqd/0                                                  (B[m[39;49m[K
(B[m     5 root       0 -20       0      0      0 S   0.0  0.0   0:00.00 kworker/0:0H                                                 (B[m[39;49m[K
(B[m     7 root      20   0       0      0      0 S   0.0  0.0  46:47.14 rcu_sched                                                    (B[m[39;49m[K
(B[m     8 root      20   0       0      0      0 S   0.0  0.0   0:00.00 rcu_bh                                                       (B[m[39;49m[K
(B[m     9 root      rt   0       0      0      0 S   0.0  0.0   1:30.76 migration/0                                                  (B[m[39;49m[K
(B[m    10 root      rt   0       0      0      0 S   0.0  0.0   1:00.20 watchdog/0                                                   (B[m[39;49m[K
(B[m    11 root      rt   0       0      0      0 S   0.0  0.0   0:47.35 watchdog/1                                                   (B[m[39;49m[K
(B[m    12 root      rt   0       0      0      0 S   0.0  0.0   1:28.38 migration/1                                                  (B[m[39;49m[K
(B[m    13 root      20   0       0      0      0 S   0.0  0.0   2:16.19 ksoftirqd/1                                                  (B[m[39;49m[K
(B[m    15 root       0 -20       0      0      0 S   0.0  0.0   0:00.00 kworker/1:0H                                                 (B[m[39;49m[K
(B[m    16 root      20   0       0      0      0 S   0.0  0.0   0:00.00 kdevtmpfs                                                    (B[m[39;49m[K[H(B[mtop - 10:52:03 up 174 days, 23:56,  0 users,  load average: 0.07, 0.03, 0.06(B[m[39;49m(B[m[39;49m[K

%Cpu(s):(B[m[39;49m[1m  0.3 (B[m[39;49mus,(B[m[39;49m[1m  0.2 (B[m[39;49msy,(B[m[39;49m[1m  0.0 (B[m[39;49mni,(B[m[39;49m[1m 99.3 (B[m[39;49mid,(B[m[39;49m[1m  0.2 (B[m[39;49mwa,(B[m[39;49m[1m  0.0 (B[m[39;49mhi,(B[m[39;49m[1m  0.0 (B[m[39;49msi,(B[m[39;49m[1m  0.0 (B[m[39;49mst(B[m[39;49m(B[m[39;49m[K
KiB Mem :(B[m[39;49m[1m  4028636 (B[m[39;49mtotal,(B[m[39;49m[1m   145444 (B[m[39;49mfree,(B[m[39;49m[1m  2918252 (B[m[39;49mused,(B[m[39;49m[1m   964940 (B[m[39;49mbuff/cache(B[m[39;49m(B[m[39;49m[K
KiB Swap:(B[m[39;49m[1m  2097148 (B[m[39;49mtotal,(B[m[39;49m[1m   839168 (B[m[39;49mfree,(B[m[39;49m[1m  1257980 (B[m[39;49mused.(B[m[39;49m[1m   757004 (B[m[39;49mavail Mem (B[m[39;49m(B[m[39;49m[K
[K


(B[m125243 projetor  20   0 2670812 1.801g  40016 S   0.7 46.9   9:18.54 rsession                                                     (B[m[39;49m[K
(B[m 49331 root      20   0  229648  23100   7848 S   0.3  0.6  37:54.65 python3                                                      (B[m[39;49m[K
(B[m     1 root      20   0  185240   4664   3096 S   0.0  0.1   0:48.62 systemd                                                      (B[m[39;49m[K
(B[m     2 root      20   0       0      0      0 S   0.0  0.0   0:00.38 kthreadd                                                     (B[m[39;49m[K
(B[m     3 root      20   0       0      0      0 S   0.0  0.0   2:23.05 ksoftirqd/0                                                  (B[m[39;49m[K
(B[m     5 root       0 -20       0      0      0 S   0.0  0.0   0:00.00 kworker/0:0H                                                 (B[m[39;49m[K
(B[m     7 root      20   0       0      0      0 S   0.0  0.0  46:47.14 rcu_sched                                                    (B[m[39;49m[K
(B[m     8 root      20   0       0      0      0 S   0.0  0.0   0:00.00 rcu_bh                                                       (B[m[39;49m[K
(B[m     9 root      rt   0       0      0      0 S   0.0  0.0   1:30.76 migration/0                                                  (B[m[39;49m[K
(B[m    10 root      rt   0       0      0      0 S   0.0  0.0   1:00.20 watchdog/0                                                   (B[m[39;49m[K
(B[m    11 root      rt   0       0      0      0 S   0.0  0.0   0:47.35 watchdog/1                                                   (B[m[39;49m[K
(B[m    12 root      rt   0       0      0      0 S   0.0  0.0   1:28.38 migration/1                                                  (B[m[39;49m[K
(B[m    13 root      20   0       0      0      0 S   0.0  0.0   2:16.19 ksoftirqd/1                                                  (B[m[39;49m[K
(B[m    15 root       0 -20       0      0      0 S   0.0  0.0   0:00.00 kworker/1:0H                                                 (B[m[39;49m[K
(B[m    16 root      20   0       0      0      0 S   0.0  0.0   0:00.00 kdevtmpfs                                                    (B[m[39;49m[K
(B[m    17 root       0 -20       0      0      0 S   0.0  0.0   0:00.00 netns                                                        (B[m[39;49m[K[H(B[mtop - 10:52:06 up 174 days, 23:56,  0 users,  load average: 0.07, 0.03, 0.06(B[m[39;49m(B[m[39;49m[K

%Cpu(s):(B[m[39;49m[1m  0.5 (B[m[39;49mus,(B[m[39;49m[1m  0.2 (B[m[39;49msy,(B[m[39;49m[1m  0.0 (B[m[39;49mni,(B[m[39;49m[1m 99.3 (B[m[39;49mid,(B[m[39;49m[1m  0.0 (B[m[39;49mwa,(B[m[39;49m[1m  0.0 (B[m[39;49mhi,(B[m[39;49m[1m  0.0 (B[m[39;49msi,(B[m[39;49m[1m  0.0 (B[m[39;49mst(B[m[39;49m(B[m[39;49m[K


[K

(B[m125243 projetor  20   0 2670812 1.801g  40016 S   0.7 46.9   9:18.56 rsession                                                     (B[m[39;49m[K
(B[m 14013 mysql     20   0 1859328 438148   6852 S   0.3 10.9   1431:56 mysqld                                                       (B[m[39;49m[K
(B[m127428 root      20   0       0      0      0 S   0.3  0.0   0:00.08 kworker/u256:2                                               (B[m[39;49m[K













[H(B[mtop - 10:52:09 up 174 days, 23:56,  0 users,  load average: 0.07, 0.03, 0.06(B[m[39;49m(B[m[39;49m[K

%Cpu(s):(B[m[39;49m[1m  0.5 (B[m[39;49mus,(B[m[39;49m[1m  0.3 (B[m[39;49msy,(B[m[39;49m[1m  0.0 (B[m[39;49mni,(B[m[39;49m[1m 99.0 (B[m[39;49mid,(B[m[39;49m[1m  0.2 (B[m[39;49mwa,(B[m[39;49m[1m  0.0 (B[m[39;49mhi,(B[m[39;49m[1m  0.0 (B[m[39;49msi,(B[m[39;49m[1m  0.0 (B[m[39;49mst(B[m[39;49m(B[m[39;49m[K
KiB Mem :(B[m[39;49m[1m  4028636 (B[m[39;49mtotal,(B[m[39;49m[1m   145364 (B[m[39;49mfree,(B[m[39;49m[1m  2918324 (B[m[39;49mused,(B[m[39;49m[1m   964948 (B[m[39;49mbuff/cache(B[m[39;49m(B[m[39;49m[K
KiB Swap:(B[m[39;49m[1m  2097148 (B[m[39;49mtotal,(B[m[39;49m[1m   839168 (B[m[39;49mfree,(B[m[39;49m[1m  1257980 (B[m[39;49mused.(B[m[39;49m[1m   756932 (B[m[39;49mavail Mem (B[m[39;49m(B[m[39;49m[K
[K

(B[m125243 projetor  20   0 2670812 1.801g  40016 S   0.7 46.9   9:18.58 rsession                                                     (B[m[39;49m[K

(B[m 49331 root      20   0  229648  23100   7848 S   0.3  0.6  37:54.66 python3                                                      (B[m[39;49m[K













[H(B[mtop - 10:52:12 up 174 days, 23:56,  0 users,  load average: 0.06, 0.03, 0.06(B[m[39;49m(B[m[39;49m[K

%Cpu(s):(B[m[39;49m[1m  0.3 (B[m[39;49mus,(B[m[39;49m[1m  0.3 (B[m[39;49msy,(B[m[39;49m[1m  0.0 (B[m[39;49mni,(B[m[39;49m[1m 99.3 (B[m[39;49mid,(B[m[39;49m[1m  0.0 (B[m[39;49mwa,(B[m[39;49m[1m  0.0 (B[m[39;49mhi,(B[m[39;49m[1m  0.0 (B[m[39;49msi,(B[m[39;49m[1m  0.0 (B[m[39;49mst(B[m[39;49m(B[m[39;49m[K
KiB Mem :(B[m[39;49m[1m  4028636 (B[m[39;49mtotal,(B[m[39;49m[1m   145444 (B[m[39;49mfree,(B[m[39;49m[1m  2918244 (B[m[39;49mused,(B[m[39;49m[1m   964948 (B[m[39;49mbuff/cache(B[m[39;49m(B[m[39;49m[K
KiB Swap:(B[m[39;49m[1m  2097148 (B[m[39;49mtotal,(B[m[39;49m[1m   839168 (B[m[39;49mfree,(B[m[39;49m[1m  1257980 (B[m[39;49mused.(B[m[39;49m[1m   757016 (B[m[39;49mavail Mem (B[m[39;49m(B[m[39;49m[K
[K

(B[m125243 projetor  20   0 2670812 1.801g  40016 S   1.0 46.9   9:18.61 rsession                                                     (B[m[39;49m[K
(B[m 14013 mysql     20   0 1859328 438148   6852 S   0.7 10.9   1431:56 mysqld                                                       (B[m[39;49m[K
(B[m     1 root      20   0  185240   4664   3096 S   0.0  0.1   0:48.62 systemd                                                      (B[m[39;49m[K
(B[m     2 root      20   0       0      0      0 S   0.0  0.0   0:00.38 kthreadd                                                     (B[m[39;49m[K
(B[m     3 root      20   0       0      0      0 S   0.0  0.0   2:23.05 ksoftirqd/0                                                  (B[m[39;49m[K
(B[m     5 root       0 -20       0      0      0 S   0.0  0.0   0:00.00 kworker/0:0H                                                 (B[m[39;49m[K
(B[m     7 root      20   0       0      0      0 S   0.0  0.0  46:47.14 rcu_sched                                                    (B[m[39;49m[K
(B[m     8 root      20   0       0      0      0 S   0.0  0.0   0:00.00 rcu_bh                                                       (B[m[39;49m[K
(B[m     9 root      rt   0       0      0      0 S   0.0  0.0   1:30.76 migration/0                                                  (B[m[39;49m[K
(B[m    10 root      rt   0       0      0      0 S   0.0  0.0   1:00.20 watchdog/0                                                   (B[m[39;49m[K
(B[m    11 root      rt   0       0      0      0 S   0.0  0.0   0:47.35 watchdog/1                                                   (B[m[39;49m[K
(B[m    12 root      rt   0       0      0      0 S   0.0  0.0   1:28.38 migration/1                                                  (B[m[39;49m[K
(B[m    13 root      20   0       0      0      0 S   0.0  0.0   2:16.19 ksoftirqd/1                                                  (B[m[39;49m[K
(B[m    15 root       0 -20       0      0      0 S   0.0  0.0   0:00.00 kworker/1:0H                                                 (B[m[39;49m[K
(B[m    16 root      20   0       0      0      0 S   0.0  0.0   0:00.00 kdevtmpfs                                                    (B[m[39;49m[K
(B[m    17 root       0 -20       0      0      0 S   0.0  0.0   0:00.00 netns                                                        (B[m[39;49m[K
(B[m    18 root       0 -20       0      0      0 S   0.0  0.0   0:00.00 perf                                                         (B[m[39;49m[K[H(B[mtop - 10:52:15 up 174 days, 23:56,  0 users,  load average: 0.06, 0.03, 0.06(B[m[39;49m(B[m[39;49m[K

%Cpu(s):(B[m[39;49m[1m  0.3 (B[m[39;49mus,(B[m[39;49m[1m  0.0 (B[m[39;49msy,(B[m[39;49m[1m  0.0 (B[m[39;49mni,(B[m[39;49m[1m 99.5 (B[m[39;49mid,(B[m[39;49m[1m  0.2 (B[m[39;49mwa,(B[m[39;49m[1m  0.0 (B[m[39;49mhi,(B[m[39;49m[1m  0.0 (B[m[39;49msi,(B[m[39;49m[1m  0.0 (B[m[39;49mst(B[m[39;49m(B[m[39;49m[K
KiB Mem :(B[m[39;49m[1m  4028636 (B[m[39;49mtotal,(B[m[39;49m[1m   145320 (B[m[39;49mfree,(B[m[39;49m[1m  2918360 (B[m[39;49mused,(B[m[39;49m[1m   964956 (B[m[39;49mbuff/cache(B[m[39;49m(B[m[39;49m[K
KiB Swap:(B[m[39;49m[1m  2097148 (B[m[39;49mtotal,(B[m[39;49m[1m   839168 (B[m[39;49mfree,(B[m[39;49m[1m  1257980 (B[m[39;49mused.(B[m[39;49m[1m   756896 (B[m[39;49mavail Mem (B[m[39;49m(B[m[39;49m[K
[K

(B[m 14013 mysql     20   0 1859328 438148   6852 S   0.3 10.9   1431:56 mysqld                                                       (B[m[39;49m[K
(B[m 49331 root      20   0  229648  23100   7848 S   0.3  0.6  37:54.67 python3                                                      (B[m[39;49m[K
(B[m125243 projetor  20   0 2670812 1.801g  40016 S   0.3 46.9   9:18.62 rsession                                                     (B[m[39;49m[K
(B[m     1 root      20   0  185240   4664   3096 S   0.0  0.1   0:48.62 systemd                                                      (B[m[39;49m[K
(B[m     2 root      20   0       0      0      0 S   0.0  0.0   0:00.38 kthreadd                                                     (B[m[39;49m[K
(B[m     3 root      20   0       0      0      0 S   0.0  0.0   2:23.05 ksoftirqd/0                                                  (B[m[39;49m[K
(B[m     5 root       0 -20       0      0      0 S   0.0  0.0   0:00.00 kworker/0:0H                                                 (B[m[39;49m[K
(B[m     7 root      20   0       0      0      0 S   0.0  0.0  46:47.14 rcu_sched                                                    (B[m[39;49m[K
(B[m     8 root      20   0       0      0      0 S   0.0  0.0   0:00.00 rcu_bh                                                       (B[m[39;49m[K
(B[m     9 root      rt   0       0      0      0 S   0.0  0.0   1:30.76 migration/0                                                  (B[m[39;49m[K
(B[m    10 root      rt   0       0      0      0 S   0.0  0.0   1:00.20 watchdog/0                                                   (B[m[39;49m[K
(B[m    11 root      rt   0       0      0      0 S   0.0  0.0   0:47.35 watchdog/1                                                   (B[m[39;49m[K
(B[m    12 root      rt   0       0      0      0 S   0.0  0.0   1:28.38 migration/1                                                  (B[m[39;49m[K
(B[m    13 root      20   0       0      0      0 S   0.0  0.0   2:16.19 ksoftirqd/1                                                  (B[m[39;49m[K
(B[m    15 root       0 -20       0      0      0 S   0.0  0.0   0:00.00 kworker/1:0H                                                 (B[m[39;49m[K
(B[m    16 root      20   0       0      0      0 S   0.0  0.0   0:00.00 kdevtmpfs                                                    (B[m[39;49m[K
(B[m    17 root       0 -20       0      0      0 S   0.0  0.0   0:00.00 netns                                                        (B[m[39;49m[K[?1l>[25;1H
[?12l[?25h[K]0;/home/projetor/geovana/operacao/app]0;projetor@srvrlinux: ~/geovana/operacao/app[01;32mprojetor@srvrlinux[00m:[01;34m~/geovana/operacao/app[00m$ 